// Jest Snapshot v1, https://goo.gl/fbAQLP

exports[`<Category/> passes snapshot test 1`] = `
<DocumentFragment>
  <div
    aria-busy="true"
    class=""
  >
    <svg
      aria-label="audio-loading"
      fill="#FFB500"
      height="250"
      viewBox="0 0 120 30"
      width="250"
      xmlns="http://www.w3.org/2000/svg"
    >
      <circle
        cx="15"
        cy="15"
        r="15"
      >
        <animate
          attributeName="r"
          begin="0s"
          calcMode="linear"
          dur="0.8s"
          from="15"
          repeatCount="indefinite"
          to="15"
          values="15;9;15"
        />
        <animate
          attributeName="fillOpacity"
          begin="0s"
          calcMode="linear"
          dur="0.8s"
          from="1"
          repeatCount="indefinite"
          to="1"
          values="1;.5;1"
        />
      </circle>
      <circle
        attributeName="fillOpacity"
        cx="60"
        cy="15"
        from="1"
        r="9"
        to="0.3"
      >
        <animate
          attributeName="r"
          begin="0s"
          calcMode="linear"
          dur="0.8s"
          from="9"
          repeatCount="indefinite"
          to="9"
          values="9;15;9"
        />
        <animate
          attributeName="fillOpacity"
          begin="0s"
          calcMode="linear"
          dur="0.8s"
          from="0.5"
          repeatCount="indefinite"
          to="0.5"
          values=".5;1;.5"
        />
      </circle>
      <circle
        cx="105"
        cy="15"
        r="15"
      >
        <animate
          attributeName="r"
          begin="0s"
          calcMode="linear"
          dur="0.8s"
          from="15"
          repeatCount="indefinite"
          to="15"
          values="15;9;15"
        />
        <animate
          attributeName="fillOpacity"
          begin="0s"
          calcMode="linear"
          dur="0.8s"
          from="1"
          repeatCount="indefinite"
          to="1"
          values="1;.5;1"
        />
      </circle>
    </svg>
  </div>
</DocumentFragment>
`;
