// Jest Snapshot v1, https://goo.gl/fbAQLP

exports[`<Navigation /> passes snapshot test 1`] = `
<DocumentFragment>
  <div>
    <ul
      class="main-nav"
    >
      <li
        class="nav-item nav-brand m-1"
      >
        <a
          aria-current="page"
          class="active"
          href="/"
        >
          <button
            class="btn-brand btn btn-secondary"
          >
            Shopper
          </button>
        </a>
      </li>
      <span
        class="li-span"
      >
        <li
          class="nav-item m-1 category"
        >
          <button
            class="li-btn btn btn-secondary"
            type="button"
          >
            Categories
          </button>
        </li>
        <li
          class="nav-item m-1"
        >
          <button
            class="li-btn btn btn-secondary"
            type="button"
          >
            <i
              class="fas fa-chevron-down"
            />
          </button>
        </li>
        <li
          class="nav-item m-1"
        >
          <button
            class="li-btn btn btn-secondary"
            type="button"
          >
            <i
              class="fas fa-shopping-cart"
            >
              <span
                class="badge badge badge-secondary"
                style="margin-left: 5px; padding: 5px;"
              >
                0
              </span>
            </i>
          </button>
        </li>
      </span>
    </ul>
  </div>
</DocumentFragment>
`;
