// Jest Snapshot v1, https://goo.gl/fbAQLP

exports[`<UserUpdate /> passes snapshot test 1`] = `
<DocumentFragment>
  <div
    class="form-div"
  >
    <h3>
      Update user
    </h3>
    <form
      class="form"
    >
      <div
        class="row"
      >
        <div
          class="col"
        >
          <div
            class="form-group form-group"
          >
            <label
              class="ml-1"
              for="username"
            >
              Username:
            </label>
            <input
              class="username form-control"
              name="username"
              type="text"
              value=""
            />
          </div>
        </div>
        <div
          class="col"
        >
          <div
            class="form-group form-group"
          >
            <label
              class="ml-1"
              for="password"
            >
              Password:
            </label>
            <input
              class="password form-control"
              name="password"
              type="password"
              value=""
            />
          </div>
        </div>
      </div>
      <div
        class="row"
      >
        <div
          class="col"
        >
          <div
            class="form-group form-group"
          >
            <label
              class="ml-1"
              for="first_name"
            >
              First name:
            </label>
            <input
              class="first_name form-control"
              name="first_name"
              type="text"
              value=""
            />
          </div>
        </div>
        <div
          class="col"
        >
          <div
            class="form-group form-group"
          >
            <label
              class="ml-1"
              for="last_name"
            >
              Last name:
            </label>
            <input
              class="last_name form-control"
              name="last_name"
              type="text"
              value=""
            />
          </div>
        </div>
      </div>
      <div
        class="row"
      >
        <div
          class="col"
        >
          <div
            class="form-group form-group"
          >
            <label
              class="ml-1"
              for="email"
            >
              Email:
            </label>
            <input
              class="email form-control"
              name="email"
              type="email"
              value=""
            />
          </div>
        </div>
        <div
          class="col"
        >
          <div
            class="form-group form-group"
          >
            <label
              class="ml-1"
              for="address"
            >
              Address:
            </label>
            <input
              class="address form-control"
              name="address"
              type="text"
              value=""
            />
          </div>
        </div>
      </div>
      <button
        class="li-btn btn btn-secondary"
        type="submit"
      >
        Update
      </button>
    </form>
  </div>
</DocumentFragment>
`;
